2026-08-15 01:25:33,622 | INFO | ======================================================================
2026-08-15 01:25:33,623 | INFO | GOLD LAYER VIEWS CREATION - STARTING
2026-08-15 01:25:33,623 | INFO | ======================================================================
2026-08-15 01:25:33,623 | INFO | Connecting to PostgreSQL Database...
2026-08-15 01:25:33,711 | INFO | Database connection Established Successfully.

2026-08-15 01:25:33,711 | INFO | ======================================================================
2026-08-15 01:25:33,711 | INFO | Starting Gold Layer Views Creation Process...
2026-08-15 01:25:33,711 | INFO | ======================================================================
2026-08-15 01:25:33,711 | INFO | Executing: gold.repository_performance_summary View Query
2026-08-15 01:25:33,730 | INFO | gold.repository_performance_summary View Created Successfully in (0.02s).
2026-08-15 01:25:33,730 | INFO | Executing: gold.developer_productivity_summary View Query
2026-08-15 01:25:33,733 | INFO | gold.developer_productivity_summary View Created Successfully in (0.00s).
2026-08-15 01:25:33,733 | INFO | Executing: gold.repository_monthly_activity View Query
2026-08-15 01:25:33,743 | INFO | gold.repository_monthly_activity View Created Successfully in (0.01s).
2026-08-15 01:25:33,743 | INFO | Executing: gold.developer_monthly_activity View Query
2026-08-15 01:25:33,746 | INFO | gold.developer_monthly_activity View Created Successfully in (0.00s).
2026-08-15 01:25:33,746 | INFO | Executing: gold.organization_summary View Query
2026-08-15 01:25:33,754 | INFO | gold.organization_summary View Created Successfully in (0.01s).
2026-08-15 01:25:33,754 | INFO | Executing: gold.language_adoption_summary View Query
2026-08-15 01:25:33,761 | INFO | gold.language_adoption_summary View Created Successfully in (0.01s).
2026-08-15 01:25:33,761 | INFO | Executing: gold.pull_request_efficiency_summary View Query
2026-08-15 01:25:33,767 | INFO | gold.pull_request_efficiency_summary View Created Successfully in (0.01s).
2026-08-15 01:25:33,767 | INFO | Executing: gold.issue_resolution_summary View Query
2026-08-15 01:25:33,771 | INFO | gold.issue_resolution_summary View Created Successfully in (0.00s).
2026-08-15 01:25:33,771 | INFO | Executing: gold.release_analytics_summary View Query
2026-08-15 01:25:33,774 | INFO | gold.release_analytics_summary View Created Successfully in (0.00s).
2026-08-15 01:25:33,774 | INFO | Executing: gold.data_quality_row_counts View Query
2026-08-15 01:25:33,784 | INFO | gold.data_quality_row_counts View Created Successfully in (0.01s).
2026-08-15 01:25:33,785 | INFO | Executing: gold.data_quality_summary View Query
2026-08-15 01:25:33,789 | INFO | gold.data_quality_summary View Created Successfully in (0.00s).
2026-08-15 01:25:33,789 | INFO | Executing: gold.data_quality_field_issues View Query
2026-08-15 01:25:33,798 | INFO | gold.data_quality_field_issues View Created Successfully in (0.01s).
2026-08-15 01:25:33,798 | INFO | Executing: gold.executive_summary View Query
2026-08-15 01:25:33,804 | INFO | gold.executive_summary View Created Successfully in (0.01s).
2026-08-15 01:25:33,804 | INFO | ======================================================================
2026-08-15 01:25:33,804 | INFO | VIEWS CREATION SUMMARY
2026-08-15 01:25:33,804 | INFO | ======================================================================
2026-08-15 01:25:33,804 | INFO | Total operations: 13
2026-08-15 01:25:33,804 | INFO | Successful: 13
2026-08-15 01:25:33,805 | INFO | Failed: 0
2026-08-15 01:25:33,805 | INFO | ======================================================================

2026-08-15 01:25:33,805 | INFO | All Views Created successfully!

2026-08-15 01:25:33,805 | INFO | ======================================================================
2026-08-15 01:25:33,805 | INFO | GOLD LAYER VIEWS CREATION COMPLETED SUCCESSFULLY
2026-08-15 01:25:33,805 | INFO | Total time: 0.18 seconds
2026-08-15 01:25:33,805 | INFO | ======================================================================

2026-08-15 01:25:33,807 | INFO | Database connection closed.
